[0.474s] Invoking command in '/home/zadrac/robotics_ws/src/basics': DEBUGINFOD_URLS=https://debuginfod.ubuntu.com PYTHONPATH=/home/zadrac/robotics_ws/build/basics/prefix_override:/usr/lib/python3/dist-packages/colcon_core/task/python/colcon_distutils_commands:/home/zadrac/robotics_ws/install/basics/lib/python3.12/site-packages:${PYTHONPATH} /usr/bin/python3 -W ignore:setup.py install is deprecated -W ignore:easy_install command is deprecated setup.py egg_info --egg-base ../../build/basics build --build-base /home/zadrac/robotics_ws/build/basics/build install --record /home/zadrac/robotics_ws/build/basics/install.log --install-scripts $base/lib/basics --single-version-externally-managed install_data
[0.632s] running egg_info
[0.642s] writing ../../build/basics/basics.egg-info/PKG-INFO
[0.643s] writing dependency_links to ../../build/basics/basics.egg-info/dependency_links.txt
[0.643s] writing entry points to ../../build/basics/basics.egg-info/entry_points.txt
[0.643s] writing requirements to ../../build/basics/basics.egg-info/requires.txt
[0.643s] writing top-level names to ../../build/basics/basics.egg-info/top_level.txt
[0.665s] reading manifest file '../../build/basics/basics.egg-info/SOURCES.txt'
[0.665s] writing manifest file '../../build/basics/basics.egg-info/SOURCES.txt'
[0.665s] running build
[0.665s] running build_py
[0.665s] running install
[0.670s] running install_lib
[0.681s] running install_data
[0.681s] running install_egg_info
[0.692s] removing '/home/zadrac/robotics_ws/install/basics/lib/python3.12/site-packages/basics-0.0.0-py3.12.egg-info' (and everything under it)
[0.693s] Copying ../../build/basics/basics.egg-info to /home/zadrac/robotics_ws/install/basics/lib/python3.12/site-packages/basics-0.0.0-py3.12.egg-info
[0.693s] running install_scripts
[0.769s] Installing velocity_publisher script to /home/zadrac/robotics_ws/install/basics/lib/basics
[0.770s] writing list of installed files to '/home/zadrac/robotics_ws/build/basics/install.log'
[0.788s] Invoked command in '/home/zadrac/robotics_ws/src/basics' returned '0': DEBUGINFOD_URLS=https://debuginfod.ubuntu.com PYTHONPATH=/home/zadrac/robotics_ws/build/basics/prefix_override:/usr/lib/python3/dist-packages/colcon_core/task/python/colcon_distutils_commands:/home/zadrac/robotics_ws/install/basics/lib/python3.12/site-packages:${PYTHONPATH} /usr/bin/python3 -W ignore:setup.py install is deprecated -W ignore:easy_install command is deprecated setup.py egg_info --egg-base ../../build/basics build --build-base /home/zadrac/robotics_ws/build/basics/build install --record /home/zadrac/robotics_ws/build/basics/install.log --install-scripts $base/lib/basics --single-version-externally-managed install_data
