running egg_info
creating ../../build/basics/basics.egg-info
writing ../../build/basics/basics.egg-info/PKG-INFO
writing dependency_links to ../../build/basics/basics.egg-info/dependency_links.txt
writing entry points to ../../build/basics/basics.egg-info/entry_points.txt
writing requirements to ../../build/basics/basics.egg-info/requires.txt
writing top-level names to ../../build/basics/basics.egg-info/top_level.txt
writing manifest file '../../build/basics/basics.egg-info/SOURCES.txt'
reading manifest file '../../build/basics/basics.egg-info/SOURCES.txt'
writing manifest file '../../build/basics/basics.egg-info/SOURCES.txt'
running build
running build_py
creating /home/zadrac/robotics_ws/build/basics/build
creating /home/zadrac/robotics_ws/build/basics/build/lib
creating /home/zadrac/robotics_ws/build/basics/build/lib/basics
copying basics/velocity_publisher.py -> /home/zadrac/robotics_ws/build/basics/build/lib/basics
copying basics/__init__.py -> /home/zadrac/robotics_ws/build/basics/build/lib/basics
running install
running install_lib
creating /home/zadrac/robotics_ws/install/basics/lib/python3.12/site-packages/basics
copying /home/zadrac/robotics_ws/build/basics/build/lib/basics/velocity_publisher.py -> /home/zadrac/robotics_ws/install/basics/lib/python3.12/site-packages/basics
copying /home/zadrac/robotics_ws/build/basics/build/lib/basics/__init__.py -> /home/zadrac/robotics_ws/install/basics/lib/python3.12/site-packages/basics
byte-compiling /home/zadrac/robotics_ws/install/basics/lib/python3.12/site-packages/basics/velocity_publisher.py to velocity_publisher.cpython-312.pyc
byte-compiling /home/zadrac/robotics_ws/install/basics/lib/python3.12/site-packages/basics/__init__.py to __init__.cpython-312.pyc
running install_data
creating /home/zadrac/robotics_ws/install/basics/share/ament_index
creating /home/zadrac/robotics_ws/install/basics/share/ament_index/resource_index
creating /home/zadrac/robotics_ws/install/basics/share/ament_index/resource_index/packages
copying resource/basics -> /home/zadrac/robotics_ws/install/basics/share/ament_index/resource_index/packages
copying package.xml -> /home/zadrac/robotics_ws/install/basics/share/basics
running install_egg_info
Copying ../../build/basics/basics.egg-info to /home/zadrac/robotics_ws/install/basics/lib/python3.12/site-packages/basics-0.0.0-py3.12.egg-info
running install_scripts
Installing velocity_publisher script to /home/zadrac/robotics_ws/install/basics/lib/basics
writing list of installed files to '/home/zadrac/robotics_ws/build/basics/install.log'
