[0.728s] Invoking command in '/home/zadrac/robotics_ws/src/basics': DEBUGINFOD_URLS=https://debuginfod.ubuntu.com PYTHONPATH=/home/zadrac/robotics_ws/build/basics/prefix_override:/usr/lib/python3/dist-packages/colcon_core/task/python/colcon_distutils_commands:/home/zadrac/robotics_ws/install/basics/lib/python3.12/site-packages:${PYTHONPATH} /usr/bin/python3 -W ignore:setup.py install is deprecated -W ignore:easy_install command is deprecated setup.py egg_info --egg-base ../../build/basics build --build-base /home/zadrac/robotics_ws/build/basics/build install --record /home/zadrac/robotics_ws/build/basics/install.log --install-scripts $base/lib/basics --single-version-externally-managed install_data
[0.883s] running egg_info
[0.883s] creating ../../build/basics/basics.egg-info
[0.893s] writing ../../build/basics/basics.egg-info/PKG-INFO
[0.893s] writing dependency_links to ../../build/basics/basics.egg-info/dependency_links.txt
[0.894s] writing entry points to ../../build/basics/basics.egg-info/entry_points.txt
[0.894s] writing requirements to ../../build/basics/basics.egg-info/requires.txt
[0.894s] writing top-level names to ../../build/basics/basics.egg-info/top_level.txt
[0.894s] writing manifest file '../../build/basics/basics.egg-info/SOURCES.txt'
[0.916s] reading manifest file '../../build/basics/basics.egg-info/SOURCES.txt'
[0.917s] writing manifest file '../../build/basics/basics.egg-info/SOURCES.txt'
[0.917s] running build
[0.917s] running build_py
[0.917s] creating /home/zadrac/robotics_ws/build/basics/build
[0.917s] creating /home/zadrac/robotics_ws/build/basics/build/lib
[0.917s] creating /home/zadrac/robotics_ws/build/basics/build/lib/basics
[0.917s] copying basics/velocity_publisher.py -> /home/zadrac/robotics_ws/build/basics/build/lib/basics
[0.917s] copying basics/__init__.py -> /home/zadrac/robotics_ws/build/basics/build/lib/basics
[0.917s] running install
[0.922s] running install_lib
[0.933s] creating /home/zadrac/robotics_ws/install/basics/lib/python3.12/site-packages/basics
[0.933s] copying /home/zadrac/robotics_ws/build/basics/build/lib/basics/velocity_publisher.py -> /home/zadrac/robotics_ws/install/basics/lib/python3.12/site-packages/basics
[0.933s] copying /home/zadrac/robotics_ws/build/basics/build/lib/basics/__init__.py -> /home/zadrac/robotics_ws/install/basics/lib/python3.12/site-packages/basics
[0.933s] byte-compiling /home/zadrac/robotics_ws/install/basics/lib/python3.12/site-packages/basics/velocity_publisher.py to velocity_publisher.cpython-312.pyc
[0.934s] byte-compiling /home/zadrac/robotics_ws/install/basics/lib/python3.12/site-packages/basics/__init__.py to __init__.cpython-312.pyc
[0.934s] running install_data
[0.934s] creating /home/zadrac/robotics_ws/install/basics/share/ament_index
[0.934s] creating /home/zadrac/robotics_ws/install/basics/share/ament_index/resource_index
[0.934s] creating /home/zadrac/robotics_ws/install/basics/share/ament_index/resource_index/packages
[0.934s] copying resource/basics -> /home/zadrac/robotics_ws/install/basics/share/ament_index/resource_index/packages
[0.934s] copying package.xml -> /home/zadrac/robotics_ws/install/basics/share/basics
[0.934s] running install_egg_info
[0.945s] Copying ../../build/basics/basics.egg-info to /home/zadrac/robotics_ws/install/basics/lib/python3.12/site-packages/basics-0.0.0-py3.12.egg-info
[0.946s] running install_scripts
[1.022s] Installing velocity_publisher script to /home/zadrac/robotics_ws/install/basics/lib/basics
[1.022s] writing list of installed files to '/home/zadrac/robotics_ws/build/basics/install.log'
[1.041s] Invoked command in '/home/zadrac/robotics_ws/src/basics' returned '0': DEBUGINFOD_URLS=https://debuginfod.ubuntu.com PYTHONPATH=/home/zadrac/robotics_ws/build/basics/prefix_override:/usr/lib/python3/dist-packages/colcon_core/task/python/colcon_distutils_commands:/home/zadrac/robotics_ws/install/basics/lib/python3.12/site-packages:${PYTHONPATH} /usr/bin/python3 -W ignore:setup.py install is deprecated -W ignore:easy_install command is deprecated setup.py egg_info --egg-base ../../build/basics build --build-base /home/zadrac/robotics_ws/build/basics/build install --record /home/zadrac/robotics_ws/build/basics/install.log --install-scripts $base/lib/basics --single-version-externally-managed install_data
