[0.062s] DEBUG:colcon:Command line arguments: ['/usr/bin/colcon', 'build']
[0.062s] DEBUG:colcon:Parsed command line arguments: Namespace(log_base=None, log_level=None, verb_name='build', build_base='build', install_base='install', merge_install=False, symlink_install=False, test_result_base=None, continue_on_error=False, executor='parallel', parallel_workers=12, event_handlers=None, ignore_user_meta=False, metas=['./colcon.meta'], base_paths=['.'], packages_ignore=None, packages_ignore_regex=None, paths=None, packages_up_to=None, packages_up_to_regex=None, packages_above=None, packages_above_and_dependencies=None, packages_above_depth=None, packages_select_by_dep=None, packages_skip_by_dep=None, packages_skip_up_to=None, packages_select_build_failed=False, packages_skip_build_finished=False, packages_select_test_failures=False, packages_skip_test_passed=False, packages_select=None, packages_skip=None, packages_select_regex=None, packages_skip_regex=None, packages_start=None, packages_end=None, cmake_args=None, cmake_target=None, cmake_target_skip_unavailable=False, cmake_clean_cache=False, cmake_clean_first=False, cmake_force_configure=False, ament_cmake_args=None, catkin_cmake_args=None, catkin_skip_building_tests=False, verb_parser=<colcon_defaults.argument_parser.defaults.DefaultArgumentsDecorator object at 0x7efe82410bc0>, verb_extension=<colcon_core.verb.build.BuildVerb object at 0x7efe82410980>, main=<bound method BuildVerb.main of <colcon_core.verb.build.BuildVerb object at 0x7efe82410980>>)
[0.086s] Level 1:colcon.colcon_core.package_discovery:discover_packages(colcon_meta) check parameters
[0.087s] Level 1:colcon.colcon_core.package_discovery:discover_packages(recursive) check parameters
[0.087s] Level 1:colcon.colcon_core.package_discovery:discover_packages(ignore) check parameters
[0.087s] Level 1:colcon.colcon_core.package_discovery:discover_packages(path) check parameters
[0.087s] Level 1:colcon.colcon_core.package_discovery:discover_packages(colcon_meta) discover
[0.087s] Level 1:colcon.colcon_core.package_discovery:discover_packages(recursive) discover
[0.087s] INFO:colcon.colcon_core.package_discovery:Crawling recursively for packages in '/home/zadrac/robotics_ws'
[0.087s] Level 1:colcon.colcon_core.package_identification:_identify(.) by extensions ['ignore', 'ignore_ament_install']
[0.087s] Level 1:colcon.colcon_core.package_identification:_identify(.) by extension 'ignore'
[0.087s] Level 1:colcon.colcon_core.package_identification:_identify(.) by extension 'ignore_ament_install'
[0.087s] Level 1:colcon.colcon_core.package_identification:_identify(.) by extensions ['colcon_pkg']
[0.087s] Level 1:colcon.colcon_core.package_identification:_identify(.) by extension 'colcon_pkg'
[0.087s] Level 1:colcon.colcon_core.package_identification:_identify(.) by extensions ['colcon_meta']
[0.087s] Level 1:colcon.colcon_core.package_identification:_identify(.) by extension 'colcon_meta'
[0.087s] Level 1:colcon.colcon_core.package_identification:_identify(.) by extensions ['ros']
[0.087s] Level 1:colcon.colcon_core.package_identification:_identify(.) by extension 'ros'
[0.103s] Level 1:colcon.colcon_core.package_identification:_identify(.) by extensions ['cmake', 'python']
[0.103s] Level 1:colcon.colcon_core.package_identification:_identify(.) by extension 'cmake'
[0.103s] Level 1:colcon.colcon_core.package_identification:_identify(.) by extension 'python'
[0.103s] Level 1:colcon.colcon_core.package_identification:_identify(.) by extensions ['python_setup_py']
[0.103s] Level 1:colcon.colcon_core.package_identification:_identify(.) by extension 'python_setup_py'
[0.103s] Level 1:colcon.colcon_core.package_identification:_identify(build) by extensions ['ignore', 'ignore_ament_install']
[0.103s] Level 1:colcon.colcon_core.package_identification:_identify(build) by extension 'ignore'
[0.103s] Level 1:colcon.colcon_core.package_identification:_identify(build) ignored
[0.104s] Level 1:colcon.colcon_core.package_identification:_identify(install) by extensions ['ignore', 'ignore_ament_install']
[0.104s] Level 1:colcon.colcon_core.package_identification:_identify(install) by extension 'ignore'
[0.104s] Level 1:colcon.colcon_core.package_identification:_identify(install) ignored
[0.104s] Level 1:colcon.colcon_core.package_identification:_identify(log) by extensions ['ignore', 'ignore_ament_install']
[0.104s] Level 1:colcon.colcon_core.package_identification:_identify(log) by extension 'ignore'
[0.104s] Level 1:colcon.colcon_core.package_identification:_identify(log) ignored
[0.104s] Level 1:colcon.colcon_core.package_identification:_identify(src) by extensions ['ignore', 'ignore_ament_install']
[0.104s] Level 1:colcon.colcon_core.package_identification:_identify(src) by extension 'ignore'
[0.104s] Level 1:colcon.colcon_core.package_identification:_identify(src) by extension 'ignore_ament_install'
[0.104s] Level 1:colcon.colcon_core.package_identification:_identify(src) by extensions ['colcon_pkg']
[0.104s] Level 1:colcon.colcon_core.package_identification:_identify(src) by extension 'colcon_pkg'
[0.104s] Level 1:colcon.colcon_core.package_identification:_identify(src) by extensions ['colcon_meta']
[0.104s] Level 1:colcon.colcon_core.package_identification:_identify(src) by extension 'colcon_meta'
[0.104s] Level 1:colcon.colcon_core.package_identification:_identify(src) by extensions ['ros']
[0.104s] Level 1:colcon.colcon_core.package_identification:_identify(src) by extension 'ros'
[0.104s] Level 1:colcon.colcon_core.package_identification:_identify(src) by extensions ['cmake', 'python']
[0.104s] Level 1:colcon.colcon_core.package_identification:_identify(src) by extension 'cmake'
[0.104s] Level 1:colcon.colcon_core.package_identification:_identify(src) by extension 'python'
[0.104s] Level 1:colcon.colcon_core.package_identification:_identify(src) by extensions ['python_setup_py']
[0.104s] Level 1:colcon.colcon_core.package_identification:_identify(src) by extension 'python_setup_py'
[0.104s] Level 1:colcon.colcon_core.package_identification:_identify(src/basics) by extensions ['ignore', 'ignore_ament_install']
[0.104s] Level 1:colcon.colcon_core.package_identification:_identify(src/basics) by extension 'ignore'
[0.104s] Level 1:colcon.colcon_core.package_identification:_identify(src/basics) by extension 'ignore_ament_install'
[0.104s] Level 1:colcon.colcon_core.package_identification:_identify(src/basics) by extensions ['colcon_pkg']
[0.104s] Level 1:colcon.colcon_core.package_identification:_identify(src/basics) by extension 'colcon_pkg'
[0.104s] Level 1:colcon.colcon_core.package_identification:_identify(src/basics) by extensions ['colcon_meta']
[0.104s] Level 1:colcon.colcon_core.package_identification:_identify(src/basics) by extension 'colcon_meta'
[0.104s] Level 1:colcon.colcon_core.package_identification:_identify(src/basics) by extensions ['ros']
[0.104s] Level 1:colcon.colcon_core.package_identification:_identify(src/basics) by extension 'ros'
[0.106s] DEBUG:colcon.colcon_core.package_identification:Package 'src/basics' with type 'ros.ament_python' and name 'basics'
[0.106s] Level 1:colcon.colcon_core.package_discovery:discover_packages(recursive) using defaults
[0.106s] Level 1:colcon.colcon_core.package_discovery:discover_packages(ignore) discover
[0.106s] Level 1:colcon.colcon_core.package_discovery:discover_packages(ignore) using defaults
[0.106s] Level 1:colcon.colcon_core.package_discovery:discover_packages(path) discover
[0.106s] Level 1:colcon.colcon_core.package_discovery:discover_packages(path) using defaults
[0.118s] Level 5:colcon.colcon_core.verb:set package 'basics' build argument 'cmake_args' from command line to 'None'
[0.118s] Level 5:colcon.colcon_core.verb:set package 'basics' build argument 'cmake_target' from command line to 'None'
[0.118s] Level 5:colcon.colcon_core.verb:set package 'basics' build argument 'cmake_target_skip_unavailable' from command line to 'False'
[0.118s] Level 5:colcon.colcon_core.verb:set package 'basics' build argument 'cmake_clean_cache' from command line to 'False'
[0.118s] Level 5:colcon.colcon_core.verb:set package 'basics' build argument 'cmake_clean_first' from command line to 'False'
[0.118s] Level 5:colcon.colcon_core.verb:set package 'basics' build argument 'cmake_force_configure' from command line to 'False'
[0.118s] Level 5:colcon.colcon_core.verb:set package 'basics' build argument 'ament_cmake_args' from command line to 'None'
[0.118s] Level 5:colcon.colcon_core.verb:set package 'basics' build argument 'catkin_cmake_args' from command line to 'None'
[0.118s] Level 5:colcon.colcon_core.verb:set package 'basics' build argument 'catkin_skip_building_tests' from command line to 'False'
[0.118s] DEBUG:colcon.colcon_core.verb:Building package 'basics' with the following arguments: {'ament_cmake_args': None, 'build_base': '/home/zadrac/robotics_ws/build/basics', 'catkin_cmake_args': None, 'catkin_skip_building_tests': False, 'cmake_args': None, 'cmake_clean_cache': False, 'cmake_clean_first': False, 'cmake_force_configure': False, 'cmake_target': None, 'cmake_target_skip_unavailable': False, 'install_base': '/home/zadrac/robotics_ws/install/basics', 'merge_install': False, 'path': '/home/zadrac/robotics_ws/src/basics', 'symlink_install': False, 'test_result_base': None}
[0.118s] INFO:colcon.colcon_core.executor:Executing jobs using 'parallel' executor
[0.119s] DEBUG:colcon.colcon_parallel_executor.executor.parallel:run_until_complete
[0.119s] INFO:colcon.colcon_ros.task.ament_python.build:Building ROS package in '/home/zadrac/robotics_ws/src/basics' with build type 'ament_python'
[0.119s] Level 1:colcon.colcon_core.shell:create_environment_hook('basics', 'ament_prefix_path')
[0.120s] INFO:colcon.colcon_core.plugin_system:Skipping extension 'colcon_core.shell.bat': Not used on non-Windows systems
[0.121s] INFO:colcon.colcon_core.shell:Creating environment descriptor '/home/zadrac/robotics_ws/install/basics/share/basics/hook/ament_prefix_path.dsv'
[0.121s] INFO:colcon.colcon_core.shell:Creating environment hook '/home/zadrac/robotics_ws/install/basics/share/basics/hook/ament_prefix_path.sh'
[0.121s] DEBUG:colcon.colcon_core.shell:Skip shell extension 'dsv' for command environment
[0.258s] INFO:colcon.colcon_core.task.python.build:Building Python package in '/home/zadrac/robotics_ws/src/basics'
[0.258s] DEBUG:colcon.colcon_core.shell:Skip shell extension 'dsv' for command environment
[0.845s] DEBUG:colcon.colcon_core.task.python.build:Available setuptools commands: upload_docs, init_catalog, symlink_data, develop, bdist_egg, build_ext, rotate, dist_info, saveopts, bdist_dumb, setopt, update_catalog, install_egg_info, install_scripts, build_clib, editable_wheel, alias, check, test, egg_info, easy_install, install, install_headers, install_lib, sdist, bdist, build, upload, install_data, extract_messages, compile_catalog, build_py, build_scripts, register, bdist_rpm, clean
[0.848s] DEBUG:colcon.colcon_core.event_handler.log_command:Invoking command in '/home/zadrac/robotics_ws/src/basics': DEBUGINFOD_URLS=https://debuginfod.ubuntu.com PYTHONPATH=/home/zadrac/robotics_ws/build/basics/prefix_override:/usr/lib/python3/dist-packages/colcon_core/task/python/colcon_distutils_commands:/home/zadrac/robotics_ws/install/basics/lib/python3.12/site-packages:${PYTHONPATH} /usr/bin/python3 -W ignore:setup.py install is deprecated -W ignore:easy_install command is deprecated setup.py egg_info --egg-base ../../build/basics build --build-base /home/zadrac/robotics_ws/build/basics/build install --record /home/zadrac/robotics_ws/build/basics/install.log --install-scripts $base/lib/basics --single-version-externally-managed install_data
[1.161s] DEBUG:colcon.colcon_core.event_handler.log_command:Invoked command in '/home/zadrac/robotics_ws/src/basics' returned '0': DEBUGINFOD_URLS=https://debuginfod.ubuntu.com PYTHONPATH=/home/zadrac/robotics_ws/build/basics/prefix_override:/usr/lib/python3/dist-packages/colcon_core/task/python/colcon_distutils_commands:/home/zadrac/robotics_ws/install/basics/lib/python3.12/site-packages:${PYTHONPATH} /usr/bin/python3 -W ignore:setup.py install is deprecated -W ignore:easy_install command is deprecated setup.py egg_info --egg-base ../../build/basics build --build-base /home/zadrac/robotics_ws/build/basics/build install --record /home/zadrac/robotics_ws/build/basics/install.log --install-scripts $base/lib/basics --single-version-externally-managed install_data
[1.162s] Level 1:colcon.colcon_core.environment:checking '/home/zadrac/robotics_ws/install/basics' for CMake module files
[1.162s] Level 1:colcon.colcon_core.environment:checking '/home/zadrac/robotics_ws/install/basics' for CMake config files
[1.163s] Level 1:colcon.colcon_core.environment:checking '/home/zadrac/robotics_ws/install/basics/lib'
[1.163s] Level 1:colcon.colcon_core.environment:checking '/home/zadrac/robotics_ws/install/basics/bin'
[1.163s] Level 1:colcon.colcon_core.environment:checking '/home/zadrac/robotics_ws/install/basics/lib/pkgconfig/basics.pc'
[1.163s] Level 1:colcon.colcon_core.environment:checking '/home/zadrac/robotics_ws/install/basics/lib/python3.12/site-packages'
[1.163s] Level 1:colcon.colcon_core.shell:create_environment_hook('basics', 'pythonpath')
[1.163s] INFO:colcon.colcon_core.shell:Creating environment descriptor '/home/zadrac/robotics_ws/install/basics/share/basics/hook/pythonpath.dsv'
[1.163s] INFO:colcon.colcon_core.shell:Creating environment hook '/home/zadrac/robotics_ws/install/basics/share/basics/hook/pythonpath.sh'
[1.164s] Level 1:colcon.colcon_core.environment:checking '/home/zadrac/robotics_ws/install/basics/bin'
[1.164s] Level 1:colcon.colcon_core.environment:create_environment_scripts_only(basics)
[1.164s] INFO:colcon.colcon_core.shell:Creating package descriptor '/home/zadrac/robotics_ws/install/basics/share/basics/package.dsv'
[1.164s] INFO:colcon.colcon_core.shell:Creating package script '/home/zadrac/robotics_ws/install/basics/share/basics/package.sh'
[1.165s] INFO:colcon.colcon_core.shell:Creating package script '/home/zadrac/robotics_ws/install/basics/share/basics/package.bash'
[1.165s] INFO:colcon.colcon_core.shell:Creating package script '/home/zadrac/robotics_ws/install/basics/share/basics/package.zsh'
[1.165s] Level 1:colcon.colcon_core.environment:create_file_with_runtime_dependencies(/home/zadrac/robotics_ws/install/basics/share/colcon-core/packages/basics)
[1.166s] DEBUG:colcon.colcon_parallel_executor.executor.parallel:closing loop
[1.166s] DEBUG:colcon.colcon_parallel_executor.executor.parallel:loop closed
[1.166s] DEBUG:colcon.colcon_parallel_executor.executor.parallel:run_until_complete finished with '0'
[1.166s] DEBUG:colcon.colcon_core.event_reactor:joining thread
[1.170s] INFO:colcon.colcon_core.plugin_system:Skipping extension 'colcon_notification.desktop_notification.terminal_notifier': Not used on non-Darwin systems
[1.170s] INFO:colcon.colcon_core.plugin_system:Skipping extension 'colcon_notification.desktop_notification.win32': Not used on non-Windows systems
[1.170s] INFO:colcon.colcon_notification.desktop_notification:Sending desktop notification using 'notify2'
[1.183s] DEBUG:colcon.colcon_core.event_reactor:joined thread
[1.183s] INFO:colcon.colcon_core.shell:Creating prefix script '/home/zadrac/robotics_ws/install/local_setup.sh'
[1.184s] INFO:colcon.colcon_core.shell:Creating prefix util module '/home/zadrac/robotics_ws/install/_local_setup_util_sh.py'
[1.185s] INFO:colcon.colcon_core.shell:Creating prefix chain script '/home/zadrac/robotics_ws/install/setup.sh'
[1.186s] INFO:colcon.colcon_core.shell:Creating prefix script '/home/zadrac/robotics_ws/install/local_setup.bash'
[1.186s] INFO:colcon.colcon_core.shell:Creating prefix chain script '/home/zadrac/robotics_ws/install/setup.bash'
[1.187s] INFO:colcon.colcon_core.shell:Creating prefix script '/home/zadrac/robotics_ws/install/local_setup.zsh'
[1.187s] INFO:colcon.colcon_core.shell:Creating prefix chain script '/home/zadrac/robotics_ws/install/setup.zsh'
